Traceback (most recent call last):
  File "<string>", line 37, in <module>
    print('\u2713 Fixed Stacking complete')
    ~~~~~^^^^^^^^^^^^^^^^^^^^^^^^^^^^^
  File "C:\Users\sacaru\AppData\Local\Python\pythoncore-3.14-64\Lib\encodings\cp1252.py", line 19, in encode
    return codecs.charmap_encode(input,self.errors,encoding_table)[0]
           ~~~~~~~~~~~~~~~~~~~~~^^^^^^^^^^^^^^^^^^^^^^^^^^^^^^^^^^
UnicodeEncodeError: 'charmap' codec can't encode character '\u2713' in position 0: character maps to <undefined>
Running fixed stacking with 7 features...

================================================================================
STARTING RUN 1/1
================================================================================

Testing with 1000 estimators...

Running stacking with 1000 estimators using proper OOF predictions...
  Processing outer fold 1/10...
  Processing outer fold 2/10...
  Processing outer fold 3/10...
  Processing outer fold 4/10...
  Processing outer fold 5/10...
  Processing outer fold 6/10...
  Processing outer fold 7/10...
  Processing outer fold 8/10...
  Processing outer fold 9/10...
  Processing outer fold 10/10...
  Training final models on full dataset for deployment...
  [OK] New best MAE: 16.3840 deg C

[OK] Results saved to stacking_results_fixed_run_1.csv
Fixed models and scalers from run 1 saved successfully.
