Traceback (most recent call last):
  File "<string>", line 27, in <module>
    print('\u2713 Cascade Model complete')
    ~~~~~^^^^^^^^^^^^^^^^^^^^^^^^^^^^
  File "C:\Users\sacaru\AppData\Local\Python\pythoncore-3.14-64\Lib\encodings\cp1252.py", line 19, in encode
    return codecs.charmap_encode(input,self.errors,encoding_table)[0]
           ~~~~~~~~~~~~~~~~~~~~~^^^^^^^^^^^^^^^^^^^^^^^^^^^^^^^^^^
UnicodeEncodeError: 'charmap' codec can't encode character '\u2713' in position 0: character maps to <undefined>
Running two-stage cascade analysis...

================================================================================
TWO-STAGE CASCADE MODEL - COMPLETE ANALYSIS
================================================================================

This addresses the swelling ratio circular dependency issue.
We compare three approaches:
  1. Baseline: Formulation only -> Tg
  2. Stage 1: Formulation -> Swelling
  3. Stage 2: Formulation + Predicted Swelling -> Tg

================================================================================

Dataset: 136 samples
Formulation features: ['Lignin (wt%)', 'Ratio', 'Co-polyol type (PTHF)', 'Isocyanate (mmol NCO)', 'Isocyanate type', 'Tin(II) octoate']
Targets: Swelling ratio (%), Tg (deg C)


================================================================================
BASELINE: FORMULATION ONLY -> Tg (No Swelling)
================================================================================
Input features: ['Lignin (wt%)', 'Ratio', 'Co-polyol type (PTHF)', 'Isocyanate (mmol NCO)', 'Isocyanate type', 'Tin(II) octoate']
Target: Tg (deg C)
Samples: 136

  Processing fold 1/10...
  Processing fold 2/10...
  Processing fold 3/10...
  Processing fold 4/10...
  Processing fold 5/10...
  Processing fold 6/10...
  Processing fold 7/10...
  Processing fold 8/10...
  Processing fold 9/10...
  Processing fold 10/10...

[OK] Baseline Complete:
  Validation MAE: 17.07 deg C
  Validation R2: 0.2858

================================================================================
STAGE 1: FORMULATION -> SWELLING RATIO
================================================================================
Input features: ['Lignin (wt%)', 'Ratio', 'Co-polyol type (PTHF)', 'Isocyanate (mmol NCO)', 'Isocyanate type', 'Tin(II) octoate']
Target: Swelling Ratio (%)
Samples: 136

  Processing fold 1/10...
  Processing fold 2/10...
  Processing fold 3/10...
  Processing fold 4/10...
  Processing fold 5/10...
  Processing fold 6/10...
  Processing fold 7/10...
  Processing fold 8/10...
  Processing fold 9/10...
  Processing fold 10/10...

[OK] Stage 1 Complete:
  Validation MAE: 24.83%
  Validation R²: 0.6685

================================================================================
STAGE 2: FORMULATION + PREDICTED SWELLING -> Tg
================================================================================
Input features: ['Lignin (wt%)', 'Ratio', 'Co-polyol type (PTHF)', 'Isocyanate (mmol NCO)', 'Isocyanate type', 'Tin(II) octoate'] + Predicted Swelling
Target: Tg (deg C)
Samples: 136

  Processing fold 1/10...
  Processing fold 2/10...
  Processing fold 3/10...
  Processing fold 4/10...
  Processing fold 5/10...
  Processing fold 6/10...
  Processing fold 7/10...
  Processing fold 8/10...
  Processing fold 9/10...
  Processing fold 10/10...

[OK] Stage 2 Complete:
  Validation MAE: 16.67 deg C
  Validation R2: 0.2962

================================================================================
RESULTS COMPARISON
================================================================================
                                           Model  MAE Validation  MAE Train  R² Validation  R² Train  Generalizability
                      Baseline: Formulation Only       17.067140  16.934070       0.285811  0.340898          0.133071
                    Stage 1: Swelling Prediction       24.826937  23.100201       0.668527  0.741668          1.726736
Stage 2: Tg Prediction (with predicted swelling)       16.665615  16.557797       0.296208  0.372848          0.107817

================================================================================
INTERPRETATION
================================================================================

1. BASELINE (Formulation Only):
   - MAE: 17.07 deg C
   - This is the practical model (no synthesis required)
   - Lower accuracy but truly predictive

2. STAGE 1 (Swelling Prediction):
   - MAE: 24.83%
   - Predicts swelling from formulation
   - Enables cascade approach

3. STAGE 2 (Cascade Model):
   - MAE: 16.67 deg C
   - Uses predicted swelling (not actual)
   - Better than baseline, still fully predictive

4. CASCADE IMPROVEMENT:
   - Reduction in MAE: 0.40 deg C (2.4%)
   - Achieved without requiring synthesis first!

[OK] Results saved to 'cascade_model_results.csv'
[OK] Models saved to 'stage1_swelling_models.joblib' and 'stage2_tg_models.joblib'
